[    0.000000] Initializing cgroup subsys cpuset
[    0.000000] Initializing cgroup subsys cpu
[    0.000000] Initializing cgroup subsys cpuacct
[    0.000000] Linux version 4.4.0-210-generic (buildd@lgw01-amd64-009) (gcc version 5.4.0 20160609 (Ubuntu 5.4.0-6ubuntu1~16.04.12) ) #242-Ubuntu SMP Fri Apr 16 09:57:56 UTC 2021 (Ubuntu 4.4.0-210.242-generic 4.4.262)
[    0.000000] Command line: BOOT_IMAGE=/boot/vmlinuz-4.4.0-210-generic root=LABEL=cloudimg-rootfs ro console=tty1 console=ttyS0
[    0.000000] KERNEL supported cpus:
[    0.000000]   Intel GenuineIntel
[    0.000000]   AMD AuthenticAMD
[    0.000000]   Centaur CentaurHauls
[    0.000000] x86/fpu: Legacy x87 FPU detected.
[    0.000000] e820: BIOS-provided physical RAM map:
[    0.000000] BIOS-e820: [mem 0x0000000000000000-0x000000000009fbff] usable
[    0.000000] BIOS-e820: [mem 0x000000000009fc00-0x000000000009ffff] reserved
[    0.000000] BIOS-e820: [mem 0x00000000000f0000-0x00000000000fffff] reserved
[    0.000000] BIOS-e820: [mem 0x0000000000100000-0x00000000dffeffff] usable
[    0.000000] BIOS-e820: [mem 0x00000000dfff0000-0x00000000dfffffff] ACPI data
[    0.000000] BIOS-e820: [mem 0x00000000fec00000-0x00000000fec00fff] reserved
[    0.000000] BIOS-e820: [mem 0x00000000fee00000-0x00000000fee00fff] reserved
[    0.000000] BIOS-e820: [mem 0x00000000fffc0000-0x00000000ffffffff] reserved
[    0.000000] BIOS-e820: [mem 0x0000000100000000-0x000000021fffffff] usable
[    0.000000] NX (Execute Disable) protection: active
[    0.000000] SMBIOS 2.5 present.
[    0.000000] Hypervisor detected: KVM
[    0.000000] Kernel/User page tables isolation: disabled
[    0.000000] e820: last_pfn = 0x220000 max_arch_pfn = 0x400000000
[    0.000000] MTRR: Disabled
[    0.000000] x86/PAT: MTRRs disabled, skipping PAT initialization too.
[    0.000000] CPU MTRRs all blank - virtualized system.
[    0.000000] x86/PAT: Configuration [0-7]: WB  WT  UC- UC  WB  WT  UC- UC  
[    0.000000] e820: last_pfn = 0xdfff0 max_arch_pfn = 0x400000000
[    0.000000] found SMP MP-table at [mem 0x0009fff0-0x0009ffff] mapped at [ffff88000009fff0]
[    0.000000] Scanning 1 areas for low memory corruption
[    0.000000] RAMDISK: [mem 0x362de000-0x37166fff]
[    0.000000] ACPI: Early table checksum verification disabled
[    0.000000] ACPI: RSDP 0x00000000000E0000 000024 (v02 VBOX  )
[    0.000000] ACPI: XSDT 0x00000000DFFF0030 00003C (v01 VBOX   VBOXXSDT 00000001 ASL  00000061)
[    0.000000] ACPI: FACP 0x00000000DFFF00F0 0000F4 (v04 VBOX   VBOXFACP 00000001 ASL  00000061)
[    0.000000] ACPI: DSDT 0x00000000DFFF0470 002325 (v02 VBOX   VBOXBIOS 00000002 INTL 20100528)
[    0.000000] ACPI: FACS 0x00000000DFFF0200 000040
[    0.000000] ACPI: FACS 0x00000000DFFF0200 000040
[    0.000000] ACPI: APIC 0x00000000DFFF0240 00005C (v02 VBOX   VBOXAPIC 00000001 ASL  00000061)
[    0.000000] ACPI: SSDT 0x00000000DFFF02A0 0001CC (v01 VBOX   VBOXCPUT 00000002 INTL 20100528)
[    0.000000] No NUMA configuration found
[    0.000000] Faking a node at [mem 0x0000000000000000-0x000000021fffffff]
[    0.000000] NODE_DATA(0) allocated [mem 0x21fff5000-0x21fff9fff]
[    0.000000] kvm-clock: Using msrs 4b564d01 and 4b564d00
[    0.000000] kvm-clock: cpu 0, msr 2:1ffed001, primary cpu clock
[    0.000000] kvm-clock: using sched offset of 9498919638 cycles
[    0.000000] clocksource: kvm-clock: mask: 0xffffffffffffffff max_cycles: 0x1cd42e4dffb, max_idle_ns: 881590591483 ns
[    0.000000] Zone ranges:
[    0.000000]   DMA      [mem 0x0000000000001000-0x0000000000ffffff]
[    0.000000]   DMA32    [mem 0x0000000001000000-0x00000000ffffffff]
[    0.000000]   Normal   [mem 0x0000000100000000-0x000000021fffffff]
[    0.000000]   Device   empty
[    0.000000] Movable zone start for each node
[    0.000000] Early memory node ranges
[    0.000000]   node   0: [mem 0x0000000000001000-0x000000000009efff]
[    0.000000]   node   0: [mem 0x0000000000100000-0x00000000dffeffff]
[    0.000000]   node   0: [mem 0x0000000100000000-0x000000021fffffff]
[    0.000000] Initmem setup node 0 [mem 0x0000000000001000-0x000000021fffffff]
[    0.000000] ACPI: PM-Timer IO Port: 0x4008
[    0.000000] IOAPIC[0]: apic_id 2, version 32, address 0xfec00000, GSI 0-23
[    0.000000] ACPI: INT_SRC_OVR (bus 0 bus_irq 0 global_irq 2 dfl dfl)
[    0.000000] ACPI: INT_SRC_OVR (bus 0 bus_irq 9 global_irq 9 low level)
[    0.000000] Using ACPI (MADT) for SMP configuration information
[    0.000000] smpboot: Allowing 2 CPUs, 0 hotplug CPUs
[    0.000000] PM: Registered nosave memory: [mem 0x00000000-0x00000fff]
[    0.000000] PM: Registered nosave memory: [mem 0x0009f000-0x0009ffff]
[    0.000000] PM: Registered nosave memory: [mem 0x000a0000-0x000effff]
[    0.000000] PM: Registered nosave memory: [mem 0x000f0000-0x000fffff]
[    0.000000] PM: Registered nosave memory: [mem 0xdfff0000-0xdfffffff]
[    0.000000] PM: Registered nosave memory: [mem 0xe0000000-0xfebfffff]
[    0.000000] PM: Registered nosave memory: [mem 0xfec00000-0xfec00fff]
[    0.000000] PM: Registered nosave memory: [mem 0xfec01000-0xfedfffff]
[    0.000000] PM: Registered nosave memory: [mem 0xfee00000-0xfee00fff]
[    0.000000] PM: Registered nosave memory: [mem 0xfee01000-0xfffbffff]
[    0.000000] PM: Registered nosave memory: [mem 0xfffc0000-0xffffffff]
[    0.000000] e820: [mem 0xe0000000-0xfebfffff] available for PCI devices
[    0.000000] Booting paravirtualized kernel on KVM
[    0.000000] clocksource: refined-jiffies: mask: 0xffffffff max_cycles: 0xffffffff, max_idle_ns: 7645519600211568 ns
[    0.000000] setup_percpu: NR_CPUS:512 nr_cpumask_bits:512 nr_cpu_ids:2 nr_node_ids:1
[    0.000000] PERCPU: Embedded 33 pages/cpu @ffff88021fc00000 s95192 r8192 d31784 u1048576
[    0.000000] Built 1 zonelists in Node order, mobility grouping on.  Total pages: 2064248
[    0.000000] Policy zone: Normal
[    0.000000] Kernel command line: BOOT_IMAGE=/boot/vmlinuz-4.4.0-210-generic root=LABEL=cloudimg-rootfs ro console=tty1 console=ttyS0
[    0.000000] PID hash table entries: 4096 (order: 3, 32768 bytes)
[    0.000000] Memory: 8157068K/8388152K available (8644K kernel code, 1332K rwdata, 4044K rodata, 1492K init, 1164K bss, 231084K reserved, 0K cma-reserved)
[    0.000000] SLUB: HWalign=64, Order=0-3, MinObjects=0, CPUs=2, Nodes=1
[    0.000000] Hierarchical RCU implementation.
[    0.000000] 	Build-time adjustment of leaf fanout to 64.
[    0.000000] 	RCU restricting CPUs from NR_CPUS=512 to nr_cpu_ids=2.
[    0.000000] RCU: Adjusting geometry for rcu_fanout_leaf=64, nr_cpu_ids=2
[    0.000000] NR_IRQS:33024 nr_irqs:440 16
[    0.000000] Console: colour VGA+ 80x25
[    0.000000] console [tty1] enabled
[    0.000000] console [ttyS0] enabled
[    0.000000] tsc: Detected 2112.006 MHz processor
[    2.532777] Calibrating delay loop (skipped) preset value.. 4224.01 BogoMIPS (lpj=8448024)
[    2.537686] pid_max: default: 32768 minimum: 301
[    2.540399] ACPI: Core revision 20150930
[    2.543722] ACPI: 2 ACPI AML tables successfully acquired and loaded
[    2.547982] Security Framework initialized
[    2.551573] Yama: becoming mindful.
[    2.554000] AppArmor: AppArmor initialized
[    2.556956] Dentry cache hash table entries: 1048576 (order: 11, 8388608 bytes)
[    2.600059] Inode-cache hash table entries: 524288 (order: 10, 4194304 bytes)
[    2.624516] Mount-cache hash table entries: 16384 (order: 5, 131072 bytes)
[    2.628986] Mountpoint-cache hash table entries: 16384 (order: 5, 131072 bytes)
[    2.634921] Initializing cgroup subsys io
[    2.637377] Initializing cgroup subsys memory
[    2.640220] Initializing cgroup subsys devices
[    2.643106] Initializing cgroup subsys freezer
[    2.645693] Initializing cgroup subsys net_cls
[    2.648435] Initializing cgroup subsys perf_event
[    2.651424] Initializing cgroup subsys net_prio
[    2.654482] Initializing cgroup subsys hugetlb
[    2.657867] Initializing cgroup subsys pids
[    2.661095] mce: CPU supports 0 MCE banks
[    2.663877] Last level iTLB entries: 4KB 64, 2MB 8, 4MB 8
[    2.667038] Last level dTLB entries: 4KB 64, 2MB 0, 4MB 0, 1GB 4
[    2.670492] Spectre V1 : Mitigation: usercopy/swapgs barriers and __user pointer sanitization
[    2.676183] Spectre V2 : Mitigation: Enhanced IBRS
[    2.679011] Spectre V2 : Spectre v2 / SpectreRSB mitigation: Filling RSB on context switch
[    2.683835] Speculative Store Bypass: Vulnerable
[    2.702746] Freeing SMP alternatives memory: 36K
[    2.740425] ftrace: allocating 32380 entries in 127 pages
[    3.233698] smpboot: APIC(0) Converting physical 0 to logical package 0
[    3.239228] smpboot: Max logical packages: 1
[    3.252992] ..TIMER: vector=0x30 apic1=0 pin1=2 apic2=-1 pin2=-1
[    3.365698] smpboot: CPU0: Intel(R) Core(TM) i5-10210U CPU @ 1.60GHz (family: 0x6, model: 0xa6, stepping: 0x0)
[    3.373530] Performance Events: unsupported p6 CPU model 166 no PMU driver, software events only.
[    3.422158] KVM setup paravirtual spinlock
[    3.428043] x86: Booting SMP configuration:
[    3.430356] .... node  #0, CPUs:      #1
[    3.434176] kvm-clock: cpu 1, msr 2:1ffed041, secondary cpu clock
[    3.437382] mce: CPU supports 0 MCE banks
[    3.440362] TSC synchronization [CPU#0 -> CPU#1]:
[    3.443230] Measured 42279 cycles TSC warp between CPUs, turning off TSC clock.
[    3.447346] tsc: Marking TSC unstable due to check_tsc_sync_source failed
[    0.417732] x86: Booted up 1 node, 2 CPUs
[    0.420003] smpboot: Total of 2 processors activated (8448.02 BogoMIPS)
[    0.428007] devtmpfs: initialized
[    0.433534] evm: security.selinux
[    0.435448] evm: security.SMACK64
[    0.436007] evm: security.SMACK64EXEC
[    0.440003] evm: security.SMACK64TRANSMUTE
[    0.444004] evm: security.SMACK64MMAP
[    0.446038] evm: security.ima
[    0.448006] evm: security.capability
[    0.450295] clocksource: jiffies: mask: 0xffffffff max_cycles: 0xffffffff, max_idle_ns: 7645041785100000 ns
[    0.452018] futex hash table entries: 512 (order: 3, 32768 bytes)
[    0.456118] pinctrl core: initialized pinctrl subsystem
[    0.460251] RTC time: 22:07:42, date: 06/08/21
[    0.464578] NET: Registered protocol family 16
[    0.476007] cpuidle: using governor ladder
[    0.488014] cpuidle: using governor menu
[    0.490947] PCCT header not found.
[    0.492160] ACPI: bus type PCI registered
[    0.496007] acpiphp: ACPI Hot Plug PCI Controller Driver version: 0.5
[    0.500280] PCI: Using configuration type 1 for base access
[    0.520450] ACPI: Added _OSI(Module Device)
[    0.524003] ACPI: Added _OSI(Processor Device)
[    0.526568] ACPI: Added _OSI(3.0 _SCP Extensions)
[    0.528005] ACPI: Added _OSI(Processor Aggregator Device)
[    0.532892] ACPI: Executed 1 blocks of module-level executable AML code
[    0.541979] ACPI: Interpreter enabled
[    0.544000] ACPI: (supports S0 S5)
[    0.544003] ACPI: Using IOAPIC for interrupt routing
[    0.548226] PCI: Using host bridge windows from ACPI; if necessary, use "pci=nocrs" and report a bug
[    0.558372] ACPI: PCI Root Bridge [PCI0] (domain 0000 [bus 00-ff])
[    0.560013] acpi PNP0A03:00: _OSC: OS supports [ASPM ClockPM Segments MSI]
[    0.564443] acpi PNP0A03:00: _OSC: not requesting OS control; OS requires [ExtendedConfig ASPM ClockPM MSI]
[    0.568014] acpi PNP0A03:00: fail to add MMCONFIG information, can't access extended PCI configuration space under this bridge.
[    0.572426] PCI host bridge to bus 0000:00
[    0.576004] pci_bus 0000:00: root bus resource [io  0x0000-0x0cf7 window]
[    0.580004] pci_bus 0000:00: root bus resource [io  0x0d00-0xffff window]
[    0.584008] pci_bus 0000:00: root bus resource [mem 0x000a0000-0x000bffff window]
[    0.588009] pci_bus 0000:00: root bus resource [mem 0xe0000000-0xfdffffff window]
[    0.592006] pci_bus 0000:00: root bus resource [bus 00-ff]
[    0.600021] pci 0000:00:01.1: legacy IDE quirk: reg 0x10: [io  0x01f0-0x01f7]
[    0.604007] pci 0000:00:01.1: legacy IDE quirk: reg 0x14: [io  0x03f6]
[    0.608003] pci 0000:00:01.1: legacy IDE quirk: reg 0x18: [io  0x0170-0x0177]
[    0.611674] pci 0000:00:01.1: legacy IDE quirk: reg 0x1c: [io  0x0376]
[    0.668880] pci 0000:00:07.0: quirk: [io  0x4000-0x403f] claimed by PIIX4 ACPI
[    0.688028] pci 0000:00:07.0: quirk: [io  0x4100-0x410f] claimed by PIIX4 SMB
[    0.706120] ACPI: PCI Interrupt Link [LNKA] (IRQs 5 9 10 *11)
[    0.717418] ACPI: PCI Interrupt Link [LNKB] (IRQs 5 9 *10 11)
[    0.728572] ACPI: PCI Interrupt Link [LNKC] (IRQs 5 *9 10 11)
[    0.737639] ACPI: PCI Interrupt Link [LNKD] (IRQs 5 9 10 *11)
[    0.748169] ACPI: Enabled 2 GPEs in block 00 to 07
[    0.756213] vgaarb: setting as boot device: PCI:0000:00:02.0
[    0.759458] vgaarb: device added: PCI:0000:00:02.0,decodes=io+mem,owns=io+mem,locks=none
[    0.772005] vgaarb: loaded
[    0.776002] vgaarb: bridge control possible 0000:00:02.0
[    0.784030] SCSI subsystem initialized
[    0.788103] ACPI: bus type USB registered
[    0.792018] usbcore: registered new interface driver usbfs
[    0.796030] usbcore: registered new interface driver hub
[    0.804011] usbcore: registered new device driver usb
[    0.812212] PCI: Using ACPI for IRQ routing
[    0.816432] NetLabel: Initializing
[    0.824003] NetLabel:  domain hash size = 128
[    0.828001] NetLabel:  protocols = UNLABELED CIPSOv4
[    0.832016] NetLabel:  unlabeled traffic allowed by default
[    0.840109] amd_nb: Cannot enumerate AMD northbridges
[    0.844285] clocksource: Switched to clocksource kvm-clock
[    0.879633] AppArmor: AppArmor Filesystem Enabled
[    0.883744] pnp: PnP ACPI init
[    0.887211] pnp: PnP ACPI: found 3 devices
[    0.897282] clocksource: acpi_pm: mask: 0xffffff max_cycles: 0xffffff, max_idle_ns: 2085701024 ns
[    0.902886] NET: Registered protocol family 2
[    0.906397] TCP established hash table entries: 65536 (order: 7, 524288 bytes)
[    0.913176] TCP bind hash table entries: 65536 (order: 8, 1048576 bytes)
[    0.917115] TCP: Hash tables configured (established 65536 bind 65536)
[    0.917115] UDP hash table entries: 4096 (order: 5, 131072 bytes)
[    0.917115] UDP-Lite hash table entries: 4096 (order: 5, 131072 bytes)
[    0.917115] NET: Registered protocol family 1
[    0.917115] pci 0000:00:00.0: Limiting direct PCI/PCI transfers
[    0.917115] pci 0000:00:01.0: Activating ISA DMA hang workarounds
[    0.917115] Unpacking initramfs...
[    1.418243] Freeing initrd memory: 14884K
[    1.426378] PCI-DMA: Using software bounce buffering for IO (SWIOTLB)
[    1.430052] software IO TLB: mapped [mem 0xdbff0000-0xdfff0000] (64MB)
[    1.433749] clocksource: tsc: mask: 0xffffffffffffffff max_cycles: 0x1e717e40680, max_idle_ns: 440795297614 ns
[    1.439646] platform rtc_cmos: registered platform RTC device (no PNP device found)
[    1.445548] Scanning for low memory corruption every 60 seconds
[    1.450784] audit: initializing netlink subsys (disabled)
[    1.454073] audit: type=2000 audit(1623190075.422:1): initialized
[    1.457972] Initialise system trusted keyring
[    1.461761] HugeTLB registered 2 MB page size, pre-allocated 0 pages
[    1.467607] zbud: loaded
[    1.470216] VFS: Disk quotas dquot_6.6.0
[    1.472718] VFS: Dquot-cache hash table entries: 512 (order 0, 4096 bytes)
[    1.477111] squashfs: version 4.0 (2009/01/31) Phillip Lougher
[    1.481511] fuse init (API version 7.23)
[    1.483981] Key type big_key registered
[    1.487260] Allocating IMA MOK and blacklist keyrings.
[    1.500382] Key type asymmetric registered
[    1.502703] Asymmetric key parser 'x509' registered
[    1.505823] Block layer SCSI generic (bsg) driver version 0.4 loaded (major 249)
[    1.510830] io scheduler noop registered
[    1.513292] io scheduler deadline registered (default)
[    1.516481] io scheduler cfq registered
[    1.518782] pci_hotplug: PCI Hot Plug PCI Core version: 0.5
[    1.522212] pciehp: PCI Express Hot Plug Controller Driver version: 0.4
[    1.526127] ACPI: AC Adapter [AC] (on-line)
[    1.529265] input: Power Button as /devices/LNXSYSTM:00/LNXPWRBN:00/input/input0
[    1.533537] ACPI: Power Button [PWRF]
[    1.535717] input: Sleep Button as /devices/LNXSYSTM:00/LNXSLPBN:00/input/input1
[    1.541254] ACPI: Sleep Button [SLPF]
[    1.543609] GHES: HEST is not enabled!
[    1.544471] ACPI: Battery Slot [BAT0] (battery present)
[    1.549752] Serial: 8250/16550 driver, 32 ports, IRQ sharing enabled
[    1.580421] 00:02: ttyS0 at I/O 0x3f8 (irq = 4, base_baud = 115200) is a 16550A
[    1.589646] Linux agpgart interface v0.103
[    1.599554] loop: module loaded
[    1.603919] scsi host0: ata_piix
[    1.607517] scsi host1: ata_piix
[    1.609979] ata1: PATA max UDMA/33 cmd 0x1f0 ctl 0x3f6 bmdma 0xd000 irq 14
[    1.613865] ata2: PATA max UDMA/33 cmd 0x170 ctl 0x376 bmdma 0xd008 irq 15
[    1.618084] libphy: Fixed MDIO Bus: probed
[    1.621587] tun: Universal TUN/TAP device driver, 1.6
[    1.624634] tun: (C) 1999-2004 Max Krasnyansky <maxk@qualcomm.com>
[    1.628568] PPP generic driver version 2.4.2
[    1.632438] ehci_hcd: USB 2.0 'Enhanced' Host Controller (EHCI) Driver
[    1.637088] ehci-pci: EHCI PCI platform driver
[    1.639822] ehci-platform: EHCI generic platform driver
[    1.644340] ohci_hcd: USB 1.1 'Open' Host Controller (OHCI) Driver
[    1.647853] ohci-pci: OHCI PCI platform driver
[    1.652057] ohci-platform: OHCI generic platform driver
[    1.656748] uhci_hcd: USB Universal Host Controller Interface driver
[    1.660568] i8042: PNP: PS/2 Controller [PNP0303:PS2K,PNP0f03:PS2M] at 0x60,0x64 irq 1,12
[    1.668996] serio: i8042 KBD port at 0x60,0x64 irq 1
[    1.673925] serio: i8042 AUX port at 0x60,0x64 irq 12
[    1.677472] mousedev: PS/2 mouse device common for all mice
[    1.682900] input: AT Translated Set 2 keyboard as /devices/platform/i8042/serio0/input/input2
[    1.690438] rtc_cmos rtc_cmos: rtc core: registered rtc_cmos as rtc0
[    1.695013] rtc_cmos rtc_cmos: alarms up to one day, 114 bytes nvram
[    1.699345] i2c /dev entries driver
[    1.702041] device-mapper: uevent: version 1.0.3
[    1.705133] device-mapper: ioctl: 4.34.0-ioctl (2015-10-28) initialised: dm-devel@redhat.com
[    1.710781] ledtrig-cpu: registered to indicate activity on CPUs
[    1.715879] NET: Registered protocol family 10
[    1.723613] NET: Registered protocol family 17
[    1.727819] Key type dns_resolver registered
[    1.733916] registered taskstats version 1
[    1.736476] Loading compiled-in X.509 certificates
[    1.741002] Loaded X.509 cert 'Build time autogenerated kernel key: cf00e047681d67edb2720680708b7d9498083038'
[    1.746995] zswap: loaded using pool lzo/zbud
[    1.754659] Key type trusted registered
[    1.765284] Key type encrypted registered
[    1.767836] AppArmor: AppArmor sha1 policy hashing enabled
[    1.771889] ima: No TPM chip found, activating TPM-bypass!
[    1.776287] ima: Allocated hash algorithm: sha1
[    1.778911] evm: HMAC attrs: 0x1
[    1.781790]   Magic number: 9:1:148
[    1.784447] rtc_cmos rtc_cmos: setting system clock to 2021-06-08 22:07:43 UTC (1623190063)
[    1.813579] BIOS EDD facility v0.16 2004-Jun-25, 0 devices found
[    1.817798] EDD information not available.
[    1.846191] Freeing unused kernel memory: 1492K
[    1.861368] Write protecting the kernel read-only data: 14336k
[    1.866582] Freeing unused kernel memory: 1584K
[    1.869723] Freeing unused kernel memory: 52K
Loading, please wait...
starting version 229
[    1.902697] random: systemd-udevd: uninitialized urandom read (16 bytes read, 5 bits of entropy available)
[    1.903897] random: udevadm: uninitialized urandom read (16 bytes read, 5 bits of entropy available)
[    1.903914] random: udevadm: uninitialized urandom read (16 bytes read, 5 bits of entropy available)
[    1.920316] random: udevadm: uninitialized urandom read (16 bytes read, 5 bits of entropy available)
[    1.920343] random: udevadm: uninitialized urandom read (16 bytes read, 5 bits of entropy available)
[    1.920475] random: udevadm: uninitialized urandom read (16 bytes read, 5 bits of entropy available)
[    1.920507] random: udevadm: uninitialized urandom read (16 bytes read, 5 bits of entropy available)
[    1.920536] random: udevadm: uninitialized urandom read (16 bytes read, 5 bits of entropy available)
[    1.920625] random: udevadm: uninitialized urandom read (16 bytes read, 5 bits of entropy available)
[    1.920658] random: udevadm: uninitialized urandom read (16 bytes read, 5 bits of entropy available)
[    2.015362] e1000: Intel(R) PRO/1000 Network Driver - version 7.3.21-k8-NAPI
[    2.020387] e1000: Copyright (c) 1999-2006 Intel Corporation.
[    2.033967] Fusion MPT base driver 3.04.20
[    2.036098] Copyright (c) 1999-2008 LSI Corporation
[    2.048484] Fusion MPT SPI Host driver 3.04.20
[    2.432631] input: ImExPS/2 Generic Explorer Mouse as /devices/platform/i8042/serio1/input/input4
[    2.763855] e1000 0000:00:03.0 eth0: (PCI:33MHz:32-bit) 02:ed:98:3c:8e:82
[    2.769476] e1000 0000:00:03.0 eth0: Intel(R) PRO/1000 Network Connection
[    3.413861] e1000 0000:00:08.0 eth1: (PCI:33MHz:32-bit) 08:00:27:e9:92:87
[    3.422974] e1000 0000:00:08.0 eth1: Intel(R) PRO/1000 Network Connection
[    3.431068] e1000 0000:00:03.0 enp0s3: renamed from eth0
[    3.436764] mptbase: ioc0: Initiating bringup
[    3.444689] e1000 0000:00:08.0 enp0s8: renamed from eth1
[    3.521270] ioc0: LSI53C1030 A0: Capabilities={Initiator}
[    3.715316] scsi host2: ioc0: LSI53C1030 A0, FwRev=00000000h, Ports=1, MaxQ=256, IRQ=20
[    3.838349] scsi 2:0:0:0: Direct-Access     VBOX     HARDDISK         1.0  PQ: 0 ANSI: 5
[    3.861831] scsi target2:0:0: Beginning Domain Validation
[    3.870710] scsi target2:0:0: Domain Validation skipping write tests
[    3.874427] scsi target2:0:0: Ending Domain Validation
[    3.877887] scsi target2:0:0: asynchronous
[    3.882534] scsi 2:0:1:0: Direct-Access     VBOX     HARDDISK         1.0  PQ: 0 ANSI: 5
[    3.887248] scsi target2:0:1: Beginning Domain Validation
[    3.895721] scsi target2:0:1: Domain Validation skipping write tests
[    3.899910] scsi target2:0:1: Ending Domain Validation
[    3.903735] scsi target2:0:1: asynchronous
[    3.931878] sd 2:0:0:0: Attached scsi generic sg0 type 0
[    3.935932] sd 2:0:0:0: [sda] 83886080 512-byte logical blocks: (42.9 GB/40.0 GiB)
[    3.942792] sd 2:0:1:0: Attached scsi generic sg1 type 0
[    3.947192] sd 2:0:1:0: [sdb] 20480 512-byte logical blocks: (10.5 MB/10.0 MiB)
[    3.953488] sd 2:0:0:0: [sda] Write Protect is off
[    3.957011] sd 2:0:1:0: [sdb] Write Protect is off
[    3.960981] sd 2:0:0:0: [sda] Incomplete mode parameter data
[    3.961277] sd 2:0:1:0: [sdb] Incomplete mode parameter data
[    3.961278] sd 2:0:1:0: [sdb] Assuming drive cache: write through
[    3.972937] sd 2:0:0:0: [sda] Assuming drive cache: write through
[    4.053242]  sda: sda1
[    4.071059] sd 2:0:0:0: [sda] Attached SCSI disk
[    4.073792] sd 2:0:1:0: [sdb] Attached SCSI disk
Begin: Loading essential drivers ... [    6.237045] md: linear personality registered for level -1
[    6.244526] md: multipath personality registered for level -4
[    6.250721] md: raid0 personality registered for level 0
[    6.263670] md: raid1 personality registered for level 1
[    6.340368] raid6: sse2x1   gen() 10670 MB/s
[    6.408296] raid6: sse2x1   xor()  5744 MB/s
[    6.480052] raid6: sse2x2   gen() 13117 MB/s
[    6.548370] raid6: sse2x2   xor()  7439 MB/s
[    6.620148] raid6: sse2x4   gen() 13167 MB/s
[    6.688830] raid6: sse2x4   xor()  8334 MB/s
[    6.692192] raid6: using algorithm sse2x4 gen() 13167 MB/s
[    6.695636] raid6: .... xor() 8334 MB/s, rmw enabled
[    6.700073] raid6: using ssse3x2 recovery algorithm
[    6.706297] xor: measuring software checksum speed
[   11.452239]    prefetch64-sse: 579579.704 MB/sec
[   11.557700]    generic_sse: 55240.000 MB/sec
[   11.560981] xor: using function: prefetch64-sse (579579.704 MB/sec)
[   11.566561] async_tx: api initialized (async)
[   11.605775] md: raid6 personality registered for level 6
[   11.609246] md: raid5 personality registered for level 5
[   11.612109] md: raid4 personality registered for level 4
[   11.633403] md: raid10 personality registered for level 10
done.
Begin: Running /scripts/init-premount ... done.
Begin: Mounting root file system ... Begin: Running /scripts/local-top ... done.
Begin: Running /scripts/local-premount ... [   11.693141] Btrfs loaded
Scanning for Btrfs filesystems
done.
Warning: fsck not present, so skipping root file system
[   12.078726] EXT4-fs (sda1): INFO: recovery required on readonly filesystem
[   12.083870] EXT4-fs (sda1): write access will be enabled during recovery
[   12.693575] random: nonblocking pool is initialized
[   22.769177] EXT4-fs (sda1): orphan cleanup on readonly fs
[   22.904331] EXT4-fs (sda1): 4 orphan inodes deleted
[   22.907550] EXT4-fs (sda1): recovery complete
[   22.914230] EXT4-fs (sda1): mounted filesystem with ordered data mode. Opts: (null)
done.
Begin: Running /scripts/local-bottom ... done.
Begin: Running /scripts/init-bottom ... done.
[   26.087698] systemd[1]: systemd 229 running in system mode. (+PAM +AUDIT +SELINUX +IMA +APPARMOR +SMACK +SYSVINIT +UTMP +LIBCRYPTSETUP +GCRYPT +GNUTLS +ACL +XZ -LZ4 +SECCOMP +BLKID +ELFUTILS +KMOD -IDN)
[   26.103885] systemd[1]: Detected virtualization oracle.
[   26.109570] systemd[1]: Detected architecture x86-64.

Welcome to [1mUbuntu 16.04.7 LTS[0m!

[   26.466534] systemd[1]: Set hostname to <node1>.
[   28.354556] systemd[1]: Created slice User and Session Slice.
[[0;32m  OK  [0m] Created slice User and Session Slice.
[   28.363149] systemd[1]: Listening on Journal Audit Socket.
[[0;32m  OK  [0m] Listening on Journal Audit Socket.
[   28.371210] systemd[1]: Listening on Journal Socket.
[[0;32m  OK  [0m] Listening on Journal Socket.
[   28.378563] systemd[1]: Reached target User and Group Name Lookups.
[[0;32m  OK  [0m] Reached target User and Group Name Lookups.
[   28.388793] systemd[1]: Started Trigger resolvconf update for networkd DNS.
[[0;32m  OK  [0m] Started Trigger resolvconf update for networkd DNS.
[   28.401190] systemd[1]: Listening on Device-mapper event daemon FIFOs.
[[0;32m  OK  [0m] Listening on Device-mapper event daemon FIFOs.
[   28.409932] systemd[1]: Listening on Journal Socket (/dev/log).
[[0;32m  OK  [0m] Listening on Journal Socket (/dev/log).
[   28.417972] systemd[1]: Set up automount Arbitrary Executable File Formats File System Automount Point.
[[0;32m  OK  [0m] Set up automount Arbitrary Executab...ats File System Automount Point.
[   28.429138] systemd[1]: Listening on LVM2 poll daemon socket.
[[0;32m  OK  [0m] Listening on LVM2 poll daemon socket.
[   28.437531] systemd[1]: Listening on udev Kernel Socket.
[[0;32m  OK  [0m] Listening on udev Kernel Socket.
[   28.445164] systemd[1]: Created slice System Slice.
[[0;32m  OK  [0m] Created slice System Slice.
[   28.464454] systemd[1]: Starting Set console keymap...
         Starting Set console keymap...
[   28.472658] systemd[1]: Starting Uncomplicated firewall...
         Starting Uncomplicated firewall...
[   28.479314] systemd[1]: Listening on LVM2 metadata daemon socket.
[[0;32m  OK  [0m] Listening on LVM2 metadata daemon socket.
[   28.489640] systemd[1]: Mounting Debug File System...
         Mounting Debug File System...
[   28.565404] systemd[1]: Reached target Swap.
[[0;32m  OK  [0m] Reached target Swap.
[   28.600450] systemd[1]: Starting Monitoring of LVM2 mirrors, snapshots etc. using dmeventd or progress polling...
         Starting Monitoring of LVM2 mirrors... dmeventd or progress polling...
[   28.612786] systemd[1]: Started Forward Password Requests to Wall Directory Watch.
[[0;32m  OK  [0m] Started Forward Password Requests to Wall Directory Watch.
[   28.620823] systemd[1]: Listening on fsck to fsckd communication Socket.
[[0;32m  OK  [0m] Listening on fsck to fsckd communication Socket.
[   28.629404] systemd[1]: Starting File System Check on Root Device...
         Starting File System Check on Root Device...
[   28.635969] systemd[1]: Listening on udev Control Socket.
[[0;32m  OK  [0m] Listening on udev Control Socket.
[   28.642258] systemd[1]: Reached target System Time Synchronized.
[[0;32m  OK  [0m] Reached target System Time Synchronized.
[   28.677195] systemd[1]: Mounting POSIX Message Queue File System...
         Mounting POSIX Message Queue File System...
[   28.685126] systemd[1]: Created slice system-serial\x2dgetty.slice.
[[0;32m  OK  [0m] Created slice system-serial\x2dgetty.slice.
[   28.692291] systemd[1]: Starting Nameserver information manager...
         Starting Nameserver information manager...
[   28.699556] systemd[1]: Mounting Huge Pages File System...
         Mounting Huge Pages File System...
[   28.776814] systemd[1]: Starting Load Kernel Modules...
         Starting Load Kernel Modules...
[   28.783832] systemd[1]: Listening on Syslog Socket.
[[0;32m  OK  [0m] Listening on Syslog Socket.
[   28.794062] systemd[1]: Starting Journal Service...
         Starting Journal Service...
[   28.802228] systemd[1]: Starting Create list of required static device nodes for the current kernel...
         Starting Create list of required st... nodes for the current kernel...
[   28.813607] systemd[1]: Listening on /dev/initctl Compatibility Named Pipe.
[[0;32m  OK  [0m] Listening on /dev/initctl Compatibility Named Pipe.
[   28.825292] systemd[1]: Reached target Slices.
[[0;32m  OK  [0m] Reached target Slices.
[   28.833094] systemd[1]: Reached target Encrypted Volumes.
[[0;32m  OK  [0m] Reached target Encrypted Volumes.
[   28.854653] systemd[1]: Started Uncomplicated firewall.
[[0;32m  OK  [0m] Started Uncomplicated firewall.
[   28.866419] systemd[1]: Started File System Check Daemon to report status.
[[0;32m  OK  [0m] Started File System Check Daemon to report status.
[   29.048520] systemd[1]: Started Create list of required static device nodes for the current kernel.
[[0;32m  OK  [0m] Started Create list of required sta...ce nodes for the current kernel.
[   29.065361] Loading iSCSI transport class v2.0-870.
[   29.080417] systemd[1]: Starting Create Static Device Nodes in /dev...
         Starting Create Static Device Nodes in /dev...
[   29.247383] iscsi: registered transport (tcp)
[   29.370090] systemd[1]: Mounted POSIX Message Queue File System.
[[0;32m  OK  [0m] Mounted POSIX Message Queue File System.
[   29.380397] systemd[1]: Mounted Debug File System.
[[0;32m  OK  [0m] Mounted Debug File System.
[   29.387580] systemd[1]: Mounted Huge Pages File System.
[[0;32m  OK  [0m] Mounted Huge Pages File System.
[   29.423417] systemd[1]: Started LVM2 metadata daemon.
[[0;32m  OK  [0m] Started LVM2 metadata daemon.
[   29.485518] systemd[1]: Started Nameserver information manager.
[[0;32m  OK  [0m] Started Nameserver information manager.
[   29.602458] systemd[1]: Started Journal Service.
[[0;32m  OK  [0m] Started Journal Service.
[[0;32m  OK  [0m] Started Set console keymap.
[   29.709655] iscsi: registered transport (iser)
[[0;32m  OK  [0m] Started Load Kernel Modules.
         Starting Apply Kernel Variables...
         Mounting FUSE Control File System...
[[0;32m  OK  [0m] Mounted FUSE Control File System.
[[0;32m  OK  [0m] Started Apply Kernel Variables.
[[0;32m  OK  [0m] Started File System Check on Root Device.
         Starting Remount Root and Kernel File Systems...
[[0;32m  OK  [0m] Started Remount Root and Kernel File Systems.
         Starting udev Coldplug all Devices...
         Starting Load/Save Random Seed...
         Starting Flush Journal to Persistent Storage...
[[0;32m  OK  [0m] Started Monitoring of LVM2 mirrors,...ng dmeventd or progress polling.
[[0;32m  OK  [0m] Started Create Static Device Nodes in /dev.
         Starting udev Kernel Device Manager...
[[0;32m  OK  [0m] Reached target Local File Systems (Pre).
[[0;32m  OK  [0m] Reached target Local File Systems.
         Starting Set console font and keymap...
         Starting Initial cloud-init job (pre-networking)...
         Starting LSB: AppArmor initialization...
         Starting Tell Plymouth To Write Out Runtime Data...
         Mounting /vagrant...
[[0;32m  OK  [0m] Started Load/Save Random Seed.
[[0;32m  OK  [0m] Started udev Coldplug all Devices.
[[0;32m  OK  [0m] Started Flush Journal to Persistent Storage.
[[0;32m  OK  [0m] Started Tell Plymouth To Write Out Runtime Data.
[[0;1;31mFAILED[0m] Failed to mount /vagrant.
See 'systemctl status vagrant.mount' for details.
         Starting Create Volatile Files and Directories...
[[0;32m  OK  [0m] Started Create Volatile Files and Directories.
         Starting Update UTMP about System Boot/Shutdown...
[[0;32m  OK  [0m] Started Update UTMP about System Boot/Shutdown.
[[0;32m  OK  [0m] Started Set console font and keymap.
[[0;32m  OK  [0m] Created slice system-getty.slice.
[[0;32m  OK  [0m] Started udev Kernel Device Manager.
[[0;32m  OK  [0m] Started Dispatch Password Requests to Console Directory Watch.
[[0;32m  OK  [0m] Found device /dev/ttyS0.
[[0;32m  OK  [0m] Listening on Load/Save RF Kill Switch Status /dev/rfkill Watch.
[[0;32m  OK  [0m] Found device 82540EM Gigabit Ethern...r (PRO/1000 MT Desktop Adapter).
[[0;32m  OK  [0m] Found device 82540EM Gigabit Ethern...r (PRO/1000 MT Desktop Adapter).
[[0;32m  OK  [0m] Started LSB: AppArmor initialization.
         Starting Load AppArmor profiles managed internally by snapd...
[[0;32m  OK  [0m] Started Load AppArmor profiles managed internally by snapd.
[   47.458700] cloud-init[445]: Cloud-init v. 21.1-19-gbad84ad4-0ubuntu1~16.04.2 running 'init-local' at Tue, 08 Jun 2021 22:08:27 +0000. Up 45.56 seconds.
[[0;32m  OK  [0m] Started Initial cloud-init job (pre-networking).
[[0;32m  OK  [0m] Reached target Network (Pre).
[[0;32m  OK  [0m] Started ifup for enp0s3.
[[0;32m  OK  [0m] Started ifup for enp0s8.
         Starting Raise network interfaces...
[[0;32m  OK  [0m] Started Raise network interfaces.
         Starting Initial cloud-init job (metadata service crawler)...
[[0;32m  OK  [0m] Reached target Network.
[   50.652419] cloud-init[1063]: Cloud-init v. 21.1-19-gbad84ad4-0ubuntu1~16.04.2 running 'init' at Tue, 08 Jun 2021 22:08:31 +0000. Up 49.53 seconds.
[   50.656931] cloud-init[1063]: ci-info: ++++++++++++++++++++++++++++++++++++++Net device info+++++++++++++++++++++++++++++++++++++++
[   50.661511] cloud-init[1063]: ci-info: +--------+------+-----------------------------+---------------+--------+-------------------+
[   50.665879] cloud-init[1063]: ci-info: | Device |  Up  |           Address           |      Mask     | Scope  |     Hw-Address    |
[   50.669719] cloud-init[1063]: ci-info: +--------+------+-----------------------------+---------------+--------+-------------------+
[   50.673546] cloud-init[1063]: ci-info: | enp0s3 | True |          10.0.2.15          | 255.255.255.0 | global | 02:ed:98:3c:8e:82 |
[   50.677741] cloud-init[1063]: ci-info: | enp0s3 | True |  fe80::ed:98ff:fe3c:8e82/64 |       .       |  link  | 02:ed:98:3c:8e:82 |
[   50.682371] cloud-init[1063]: ci-info: | enp0s8 | True |        10.211.55.101        | 255.255.255.0 | global | 08:00:27:e9:92:87 |
[   50.686250] cloud-init[1063]: ci-info: | enp0s8 | True | fe80::a00:27ff:fee9:9287/64 |       .       |  link  | 08:00:27:e9:92:87 |
[   50.692042] cloud-init[1063]: ci-info: |   lo   | True |          127.0.0.1          |   255.0.0.0   |  host  |         .         |
[   50.697337] cloud-init[1063]: ci-info: |   lo   | True |           ::1/128           |       .       |  host  |         .         |
[   50.702821] cloud-init[1063]: ci-info: +--------+------+-----------------------------+---------------+--------+-------------------+
[   50.706760] cloud-init[1063]: ci-info: +++++++++++++++++++++++++++Route IPv4 info++++++++++++++++++++++++++++
[   50.710596] cloud-init[1063]: ci-info: +-------+-------------+----------+---------------+-----------+-------+
[   50.715050] cloud-init[1063]: ci-info: | Route | Destination | Gateway  |    Genmask    | Interface | Flags |
[   50.718511] cloud-init[1063]: ci-info: +-------+-------------+----------+---------------+-----------+-------+
[   50.721872] cloud-init[1063]: ci-info: |   0   |   0.0.0.0   | 10.0.2.2 |    0.0.0.0    |   enp0s3  |   UG  |
[   50.725314] cloud-init[1063]: ci-info: |   1   |   10.0.2.0  | 0.0.0.0  | 255.255.255.0 |   enp0s3  |   U   |
[   50.728867] cloud-init[1063]: ci-info: |   2   | 10.211.55.0 | 0.0.0.0  | 255.255.255.0 |   enp0s8  |   U   |
[   50.732706] cloud-init[1063]: ci-info: +-------+-------------+----------+---------------+-----------+-------+
[   50.736551] cloud-init[1063]: ci-info: +++++++++++++++++++Route IPv6 info+++++++++++++++++++
[   50.740081] cloud-init[1063]: ci-info: +-------+-------------+---------+-----------+-------+
[   50.743316] cloud-init[1063]: ci-info: | Route | Destination | Gateway | Interface | Flags |
[   50.746992] cloud-init[1063]: ci-info: +-------+-------------+---------+-----------+-------+
[   50.750470] cloud-init[1063]: ci-info: |   0   |  fe80::/64  |    ::   |   enp0s8  |   U   |
[   50.753765] cloud-init[1063]: ci-info: |   1   |  fe80::/64  |    ::   |   enp0s3  |   U   |
[   50.757226] cloud-init[1063]: ci-info: |   5   |   ff00::/8  |    ::   |   enp0s8  |   U   |
[   50.760554] cloud-init[1063]: ci-info: |   6   |   ff00::/8  |    ::   |   enp0s3  |   U   |
[   50.763755] cloud-init[1063]: ci-info: +-------+-------------+---------+-----------+-------+
[[0;32m  OK  [0m] Started Initial cloud-init job (metadata service crawler).
[[0;32m  OK  [0m] Reached target System Initialization.
[[0;32m  OK  [0m] Started Message of the Day.
[[0;32m  OK  [0m] Started ACPI Events Check.
[[0;32m  OK  [0m] Reached target Paths.
         Starting Socket activation for snappy daemon.
[[0;32m  OK  [0m] Listening on UUID daemon activation socket.
[[0;32m  OK  [0m] Started Daily Cleanup of Temporary Directories.
[[0;32m  OK  [0m] Started Daily apt download activities.
[[0;32m  OK  [0m] Started Daily apt upgrade and clean activities.
[[0;32m  OK  [0m] Reached target Timers.
[[0;32m  OK  [0m] Listening on D-Bus System Message Bus Socket.
         Starting LXD - unix socket.
[[0;32m  OK  [0m] Listening on ACPID Listen Socket.
[[0;32m  OK  [0m] Reached target Cloud-config availability.
[[0;32m  OK  [0m] Reached target Network is Online.
         Starting iSCSI initiator daemon (iscsid)...
[[0;32m  OK  [0m] Listening on Socket activation for snappy daemon.
[[0;32m  OK  [0m] Listening on LXD - unix socket.
[[0;32m  OK  [0m] Reached target Sockets.
[[0;32m  OK  [0m] Reached target Basic System.
         Starting LSB: MD monitoring daemon...
         Starting /etc/rc.local Compatibility...
         Starting Virtualbox guest utils...
         Starting System Logging Service...
         Starting OpenBSD Secure Shell server...
[[0;32m  OK  [0m] Started Regular background program processing daemon.
[[0;32m  OK  [0m] Started Deferred execution scheduler.
         Starting Login Service...
         Starting LSB: Record successful boot for GRUB...
[[0;32m  OK  [0m] Started FUSE filesystem for LXC.
         Starting Accounts Service...
[[0;32m  OK  [0m] Started D-Bus System Message Bus.
         Starting LXD - container startup/shutdown...
[[0;32m  OK  [0m] Started ACPI event daemon.
         Starting Snap Daemon...
[[0;32m  OK  [0m] Started System Logging Service.
[[0;32m  OK  [0m] Started /etc/rc.local Compatibility.
[[0;32m  OK  [0m] Started Login Service.
[[0;32m  OK  [0m] Started Unattended Upgrades Shutdown.
[[0;32m  OK  [0m] Started iSCSI initiator daemon (iscsid).
         Starting Login to default iSCSI targets...
[[0;32m  OK  [0m] Started LSB: MD monitoring daemon.
[[0;32m  OK  [0m] Started OpenBSD Secure Shell server.
         Starting Authenticate and Authorize Users to Run Privileged Tasks...
[[0;32m  OK  [0m] Started Login to default iSCSI targets.
[[0;32m  OK  [0m] Reached target Remote File Systems (Pre).
[[0;32m  OK  [0m] Reached target Remote File Systems.
         Starting LSB: Set the CPU Frequency Scaling governor to "ondemand"...
         Starting LSB: automatic crash report generation...
         Starting Permit User Sessions...
         Starting LSB: daemon to balance interrupts for SMP systems...
         Starting LSB: Linux init script for swapspace...
[[0;32m  OK  [0m] Started LSB: Record successful boot for GRUB.
[[0;32m  OK  [0m] Started LSB: Set the CPU Frequency Scaling governor to "ondemand".
[[0;32m  OK  [0m] Started Permit User Sessions.
         Starting Terminate Plymouth Boot Screen...
         Starting Hold until boot process finishes up...
[[0;32m  OK  [0m] Started Hold until boot process finishes up.
[[0;32m  OK  [0m] Started Terminate Plymouth Boot Screen.
[[0;32m  OK  [0m] Started Getty on tty1.
[[0;32m  OK  [0m] Started Serial Getty on ttyS0.
[[0;32m  OK  [0m] Reached target Login Prompts.
         Starting Set console scheme...
[[0;32m  OK  [0m] Started Set console scheme.
[[0;32m  OK  [0m] Started LSB: daemon to balance interrupts for SMP systems.
[[0;32m  OK  [0m] Started Virtualbox guest utils.
[[0;32m  OK  [0m] Started LSB: Linux init script for swapspace.
[[0;32m  OK  [0m] Started Authenticate and Authorize Users to Run Privileged Tasks.
[[0;32m  OK  [0m] Started Accounts Service.
[[0;32m  OK  [0m] Started LSB: automatic crash report generation.
[[0;32m  OK  [0m] Created slice User Slice of vagrant.
         Starting User Manager for UID 1000...
[[0;32m  OK  [0m] Started Session 1 of user vagrant.
[[0;32m  OK  [0m] Started User Manager for UID 1000.
[[0;32m  OK  [0m] Started LXD - container startup/shutdown.

Ubuntu 16.04.7 LTS node1 ttyS0

node1 login: [   60.745303] cloud-init[1392]: Cloud-init v. 21.1-19-gbad84ad4-0ubuntu1~16.04.2 running 'modules:config' at Tue, 08 Jun 2021 22:08:41 +0000. Up 59.94 seconds.
[   61.928276] cloud-init[1407]: Cloud-init v. 21.1-19-gbad84ad4-0ubuntu1~16.04.2 running 'modules:final' at Tue, 08 Jun 2021 22:08:42 +0000. Up 61.02 seconds.
[   61.928617] cloud-init[1407]: Cloud-init v. 21.1-19-gbad84ad4-0ubuntu1~16.04.2 finished at Tue, 08 Jun 2021 22:08:43 +0000. Datasource DataSourceNoCloud [seed=/dev/sdb][dsmode=net].  Up 61.91 seconds
